// Jest Snapshot v1, https://goo.gl/fbAQLP

exports[`Storyshots SampleComponent basic 1`] = `
<div
  style={
    Object {
      "alignItems": "center",
      "bottom": 0,
      "display": "flex",
      "justifyContent": "center",
      "left": 0,
      "overflow": "auto",
      "position": "fixed",
      "right": 0,
      "top": 0,
    }
  }
>
  <div
    style={
      Object {
        "margin": "auto",
      }
    }
  >
    <button
      onClick={[Function]}
      style={
        Object {
          "cursor": "pointer",
        }
      }
    >
      Sample Title
    </button>
  </div>
</div>
`;
